../Core/Src/main.c:69:6:gestisci_nebulizzatore	16	static
../Core/Src/main.c:77:9:receive_data_bt	8	static
../Core/Src/main.c:82:6:HAL_UART_RxCpltCallback	24	static
../Core/Src/main.c:95:6:HAL_ADC_ConvCpltCallback	16	static
../Core/Src/main.c:109:5:main	8	static
../Core/Src/main.c:168:6:SystemClock_Config	128	static
../Core/Src/main.c:216:13:MX_ADC1_Init	48	static
../Core/Src/main.c:282:13:MX_UART4_Init	8	static
../Core/Src/main.c:317:13:MX_USB_PCD_Init	8	static
../Core/Src/main.c:348:13:MX_GPIO_Init	48	static
../Core/Src/main.c:411:6:Error_Handler	4	static,ignoring_inline_asm
