../Core/Src/main.c:89:6:delay	16	static
../Core/Src/main.c:96:6:Set_Pin_Output	40	static
../Core/Src/main.c:105:6:Set_Pin_Input	40	static
../Core/Src/main.c:115:9:DHT11_Start	16	static
../Core/Src/main.c:145:9:DHT11_Read	16	static
../Core/Src/main.c:175:9:receive_data_bt	8	static
../Core/Src/main.c:180:6:HAL_UART_RxCpltCallback	24	static
../Core/Src/main.c:200:5:main	32	static
../Core/Src/main.c:363:6:SystemClock_Config	128	static
../Core/Src/main.c:414:13:MX_I2C1_Init	8	static
../Core/Src/main.c:462:13:MX_SPI1_Init	8	static
../Core/Src/main.c:502:13:MX_TIM6_Init	24	static
../Core/Src/main.c:540:13:MX_UART4_Init	8	static
../Core/Src/main.c:575:13:MX_USB_PCD_Init	8	static
../Core/Src/main.c:606:13:MX_GPIO_Init	48	static
../Core/Src/main.c:667:6:Error_Handler	4	static,ignoring_inline_asm
